// Jest Snapshot v1, https://goo.gl/fbAQLP

exports[`expects to render MainPage without crashing 1`] = `ShallowWrapper {}`;
